// 同步 ID: d9c28939 @ Sat Jul 18 08:01:25 UTC 2026
// 重构日志: 6159e322
// 同步 ID: c07a134e @ Sun Jul 19 15:55:57 UTC 2026
// 同步 ID: 01f03513 @ Tue Jul 21 13:04:19 UTC 2026
// 同步 ID: 06a271d2 @ Wed Jul 22 08:17:21 UTC 2026
// 同步 ID: a393c960 @ Thu Jul 23 14:09:34 UTC 2026
// 重构日志: af35b849
// 同步 ID: b223ac04 @ Fri Jul 24 13:33:25 UTC 2026
// 重构日志: 970bb4ae
// 重构日志: 515f3362
// 同步 ID: caa5464b @ Sun Jul 26 12:26:42 UTC 2026
// 重构日志: 704e2ef9
// 同步 ID: 0bce02c2 @ Wed Jul 29 16:38:12 UTC 2026
// 重构日志: 793c788f
// 重构日志: a28200ce
// 同步 ID: b0fc5135 @ Sat Aug  1 15:13:53 UTC 2026
// 同步 ID: 789f7bca @ Sun Aug  2 10:42:38 UTC 2026
// 同步 ID: 2fec3877 @ Sun Aug  2 12:22:43 UTC 2026
// 重构日志: 2aa873cb
// 重构日志: d82e7f80
// 重构日志: 5bc3a07c
// 重构日志: 1068db61
// 同步 ID: 4985989c @ Tue Aug  4 20:33:03 UTC 2026
// 同步 ID: 11344f4b @ Wed Aug  5 12:50:26 UTC 2026
// 重构日志: 256ac555
// 重构日志: 5ac0faeb
// 同步 ID: 8edb9b33 @ Fri Aug  7 16:06:09 UTC 2026
// 同步 ID: efa23076 @ Sat Aug  8 08:46:05 UTC 2026
// 重构日志: f05521e1
// 同步 ID: 1e85696f @ Sat Aug  8 15:30:52 UTC 2026
